------------------------------------------------------------
Timing Analyzer Summary
------------------------------------------------------------

Type  : Slow 1100mV 85C Model Setup 'clk'
Slack : -0.528
TNS   : -1.733

Type  : Slow 1100mV 85C Model Hold 'clk'
Slack : 0.548
TNS   : 0.000

Type  : Slow 1100mV 85C Model Minimum Pulse Width 'clk'
Slack : -0.724
TNS   : -4.429

Type  : Slow 1100mV 0C Model Setup 'clk'
Slack : -0.595
TNS   : -2.030

Type  : Slow 1100mV 0C Model Hold 'clk'
Slack : 0.514
TNS   : 0.000

Type  : Slow 1100mV 0C Model Minimum Pulse Width 'clk'
Slack : -0.724
TNS   : -4.522

Type  : Fast 1100mV 85C Model Setup 'clk'
Slack : 0.381
TNS   : 0.000

Type  : Fast 1100mV 85C Model Hold 'clk'
Slack : 0.183
TNS   : 0.000

Type  : Fast 1100mV 85C Model Minimum Pulse Width 'clk'
Slack : -0.079
TNS   : -0.312

Type  : Fast 1100mV 0C Model Setup 'clk'
Slack : 0.404
TNS   : 0.000

Type  : Fast 1100mV 0C Model Hold 'clk'
Slack : 0.171
TNS   : 0.000

Type  : Fast 1100mV 0C Model Minimum Pulse Width 'clk'
Slack : -0.080
TNS   : -0.314

------------------------------------------------------------
